---
source: src/parser/mod.rs
assertion_line: 72
expression: "format_pair(&pair.unwrap(), 0, true)"
---
- program
  - statement > assignment_statement
    - variable: "list"
    - colon: ":"
    - expression > unary_expression > simple_expression > literal > list
      - list_item > expression > binary_expression
        - unary_expression > simple_expression > literal > number: "5"
        - operator: "+"
        - expression > unary_expression > simple_expression > literal > number: "1"
      - list_item > expression > unary_expression > simple_expression > literal > list
        - list_item > expression > unary_expression > simple_expression > literal > number: "3"
        - list_item > expression > unary_expression > simple_expression > literal > list
          - list_item > expression > unary_expression > simple_expression > literal > number: "8"
          - list_item > expression > unary_expression > simple_expression > literal > number: "5"
        - list_item > expression > unary_expression > simple_expression > literal > number: "2"
        - list_item > expression > unary_expression > simple_expression > literal > number: "1"
      - list_item > expression > unary_expression > simple_expression > literal > number: "7"
      - list_item > expression > unary_expression > simple_expression > literal > number: "99"
  - statement > expression > unary_expression > simple_expression > function_call
    - single_name_part: "showline"
    - literal > list
      - list_item > expression > unary_expression > simple_expression > literal > string: "\"length of \""
      - list_item > expression > unary_expression > simple_expression > variable: "list"
      - list_item > expression > unary_expression > simple_expression > literal > string: "\" = \""
      - list_item > expression > unary_expression > simple_expression > function_call
        - single_name_part: "length"
        - single_name_part: "of"
        - expression > unary_expression > simple_expression > variable: "list"
  - statement > expression > unary_expression > simple_expression > function_call
    - single_name_part: "start"
    - expression > unary_expression > simple_expression > variable: "list"
  - statement > expression > unary_expression > simple_expression > function_call
    - single_name_part: "while"
    - block
      - continue_indent: ""
      - new_indent: "\t"
      - statement > expression > unary_expression > simple_expression > function_call
        - single_name_part: "not"
        - single_name_part: "at"
        - single_name_part: "end"
        - single_name_part: "of"
        - expression > unary_expression > simple_expression > variable: "list"
    - single_name_part: "repeat"
    - block
      - continue_indent: ""
      - new_indent: "\t"
      - statement > expression > unary_expression > simple_expression > function_call
        - single_name_part: "show"
        - literal > list
          - list_item > expression > unary_expression > simple_expression > function_call
            - single_name_part: "end"
            - single_name_part: "of"
            - expression > unary_expression > simple_expression > variable: "list"
          - list_item > expression > unary_expression > simple_expression > literal > string: "\": \""
      - continue_indent: "\t"
      - statement > expression > unary_expression > simple_expression > function_call
        - single_name_part: "showline"
        - expression > unary_expression > simple_expression > function_call
          - single_name_part: "next"
          - expression > unary_expression > simple_expression > variable: "list"
  - statement > assignment_statement
    - variable: "powers"
    - colon: ":"
    - expression > unary_expression > simple_expression > literal > list
      - list_item > expression > unary_expression > simple_expression > literal > number: "1"
      - list_item > expression > unary_expression > simple_expression > literal > number: "2"
      - list_item > expression > unary_expression > simple_expression > literal > number: "4"
      - list_item > expression > unary_expression > simple_expression > literal > number: "8"
      - list_item > expression > unary_expression > simple_expression > literal > number: "16"
  - statement > expression > unary_expression > simple_expression > function_call
    - single_name_part: "for"
    - single_name_part: "each"
    - expression > unary_expression > simple_expression > variable: "item"
    - single_name_part: "in"
    - expression > unary_expression > simple_expression > variable: "powers"
    - newindent_block
      - continue_indent: ""
      - new_indent: "\t"
      - statement > expression > unary_expression > simple_expression > function_call
        - single_name_part: "showline"
        - literal > list
          - list_item > expression > unary_expression > simple_expression > literal > string: "\"item: \""
          - list_item > expression > unary_expression > simple_expression > variable: "item"
  - statement > expression > unary_expression > simple_expression > function_call
    - single_name_part: "for"
    - single_name_part: "each"
    - expression > unary_expression > simple_expression > variable: "item"
    - single_name_part: "in"
    - literal > list
      - list_item > expression > unary_expression > simple_expression > literal > number: "1"
      - list_item > expression > unary_expression > simple_expression > literal > number: "2"
      - list_item > expression > unary_expression > simple_expression > literal > string: "\"kapow!\""
      - list_item > expression > unary_expression > simple_expression > literal > number: "8"
      - list_item > expression > unary_expression > simple_expression > literal > number: "16"
    - newindent_block
      - continue_indent: ""
      - new_indent: "\t"
      - statement > expression > unary_expression > simple_expression > function_call
        - single_name_part: "showline"
        - literal > list
          - list_item > expression > unary_expression > simple_expression > literal > string: "\"item: \""
          - list_item > expression > unary_expression > simple_expression > variable: "item"
  - EOI: ""
