---
source: src/parser/mod.rs
assertion_line: 72
expression: "format_pair(pair.unwrap(), 0, true)"
---
- program
  - statement > assignment_statement
    - variable: "small"
    - colon: ":"
    - expression > unary_expression > simple_expression > literal > list: "{}"
  - statement > expression > unary_expression > simple_expression > function_call
    - single_name_part: "show"
    - expression > unary_expression > simple_expression > variable: "small"
    - single_name_part: "as"
    - single_name_part: "list"
  - statement > expression > unary_expression > simple_expression > function_call
    - single_name_part: "showline"
    - literal > list
      - list_item > expression > unary_expression > simple_expression > literal > string: "\" is a list?: \""
      - list_item > expression > binary_expression
        - unary_expression > simple_expression > function_call
          - single_name_part: "type"
          - single_name_part: "of"
          - expression > unary_expression > simple_expression > variable: "small"
        - operator: "="
        - expression > unary_expression > simple_expression > literal > string: "\"list\""
  - statement > expression > unary_expression > simple_expression > function_call
    - single_name_part: "showline"
    - literal > list
      - list_item > expression > unary_expression > simple_expression > literal > number: "7"
      - list_item > expression > unary_expression > simple_expression > literal > string: "\" is a list?: \""
      - list_item > expression > binary_expression
        - unary_expression > simple_expression > function_call
          - single_name_part: "type"
          - single_name_part: "of"
          - literal > number: "7"
        - operator: "="
        - expression > unary_expression > simple_expression > literal > string: "\"list\""
  - statement > expression > unary_expression > simple_expression > function_call
    - single_name_part: "append"
    - literal > number: "8"
    - single_name_part: "to"
    - expression > unary_expression > simple_expression > variable: "small"
  - statement > expression > unary_expression > simple_expression > function_call
    - single_name_part: "append"
    - literal > string: "\"a word\""
    - single_name_part: "to"
    - expression > unary_expression > simple_expression > variable: "small"
  - statement > expression > unary_expression > simple_expression > function_call
    - single_name_part: "showline"
    - expression > unary_expression > simple_expression > variable: "small"
    - single_name_part: "as"
    - single_name_part: "list"
  - statement > expression > unary_expression > simple_expression > function_call
    - single_name_part: "append"
    - literal > list
      - list_item > expression > unary_expression > simple_expression > literal > number: "99"
      - list_item > expression > unary_expression > simple_expression > literal > number: "100"
    - single_name_part: "to"
    - expression > unary_expression > simple_expression > variable: "small"
  - statement > expression > unary_expression > simple_expression > function_call
    - single_name_part: "showline"
    - expression > unary_expression > simple_expression > variable: "small"
  - statement > expression > unary_expression > simple_expression > function_call
    - single_name_part: "showline"
    - expression > unary_expression > simple_expression > variable: "small"
    - single_name_part: "as"
    - single_name_part: "list"
  - EOI: ""
