---
source: src/HIR.rs
assertion_line: 1314
expression: ast
---
Program {
    functions: {},
    main: [
        Assignment {
            variable: VariableID(
                20000,
            ),
            value: Unary(
                Literal(
                    Integer(
                        4,
                    ),
                ),
            ),
        },
        Expression(
            Unary(
                FunctionCall {
                    function: FunctionCall {
                        name: [
                            RefCell {
                                value: Name {
                                    name: Span {
                                        str: "show",
                                        start: 6,
                                        end: 10,
                                    },
                                },
                            },
                            RefCell {
                                value: Expression(
                                    Unary(
                                        Variable(
                                            VariableID(
                                                20000,
                                            ),
                                        ),
                                    ),
                                ),
                            },
                        ],
                        id: RefCell {
                            value: None,
                        },
                        span: Span {
                            str: "show (a)",
                            start: 6,
                            end: 14,
                        },
                    },
                },
            ),
        ),
        Expression(
            Unary(
                FunctionCall {
                    function: FunctionCall {
                        name: [
                            RefCell {
                                value: Name {
                                    name: Span {
                                        str: "new",
                                        start: 16,
                                        end: 19,
                                    },
                                },
                            },
                            RefCell {
                                value: Name {
                                    name: Span {
                                        str: "line",
                                        start: 20,
                                        end: 24,
                                    },
                                },
                            },
                        ],
                        id: RefCell {
                            value: None,
                        },
                        span: Span {
                            str: "new line",
                            start: 16,
                            end: 24,
                        },
                    },
                },
            ),
        ),
    ],
    global_scope: {
        Variable {
            id: VariableID(
                20000,
            ),
            name: "a",
            scope: Global,
            span: Span {
                str: "a",
                start: 0,
                end: 1,
            },
        },
    },
}
